// Jest Snapshot v1, https://goo.gl/fbAQLP

exports[`Password strength bar tests renders 1`] = `
<EuiFlexGroup
  direction="column"
>
  <EuiFlexItem>
    <EuiProgress
      data-test-subj="password-strength-progress"
      label="Password strength"
      max={4}
      size="m"
      value={0}
      valueText="Very weak"
    />
  </EuiFlexItem>
  <EuiFlexItem>
    <EuiText
      data-test-subj="password-strength-feedback-suggestions"
      size="xs"
    >
      Add another word or two. Uncommon words are better.
    </EuiText>
  </EuiFlexItem>
</EuiFlexGroup>
`;
